// Jest Snapshot v1, https://goo.gl/fbAQLP

exports[`Collection Item Component should render Collection Item component 1`] = `ShallowWrapper {}`;
