// Jest Snapshot v1, https://goo.gl/fbAQLP

exports[`checkout Component should render CheckoutPage component 1`] = `ShallowWrapper {}`;
