// Jest Snapshot v1, https://goo.gl/fbAQLP

exports[`Header component should render Header Component 1`] = `ShallowWrapper {}`;
